Warning: You are sending unauthenticated requests to the HF Hub. Please set a HF_TOKEN to enable higher rate limits and faster downloads.
experience trials: 382992
  with a feedback clause on the press line: 321236
  marginal risky rate 0.4759
design-effect inflation carried from the description run: 1.819

========================================================================
EXPERIENCE, all repeat presses
========================================================================
  gain_only   142468 rows
  mixed       223940 rows
  loss_only    16584 rows
  POOLED six-term   bEV +0.6856
    const  -0.1034 +/- 0.0105
    d2+q2  +0.1300 +/- 0.0118
    d*q    +0.1654 +/- 0.0217   <== chirality
    d      -0.2285 +/- 0.0166
    q      +0.0944 +/- 0.0200
    d2-q2  +0.0525 +/- 0.0228
  REGIME-SEPARATED  gain 398.0 log-likelihood on 6 extra parameters
    mixed:const          -0.1329 +/- 0.0124  -10.7 se   <== dominant
    mixed:d2+q2          +0.1382 +/- 0.0201   +6.9 se   <== dominant
    mixed:d*q            -0.0527 +/- 0.0372   -1.4 se   <== CHIRALITY INSIDE MIXED
    mixed:d              -0.0339 +/- 0.0273   -1.2 se
    mixed:q              +0.1975 +/- 0.0291   +6.8 se   <== dominant
    mixed:d2-q2          -0.4073 +/- 0.0440   -9.3 se   <== dominant
    gain_only:1          -0.0100 +/- 0.0240   -0.4 se
    gain_only:q          +0.2973 +/- 0.0213  +13.9 se   <== dominant
    gain_only:q2         -0.1798 +/- 0.0405   -4.4 se
    loss_only:1          +0.3508 +/- 0.0618   +5.7 se   <== dominant
    loss_only:q          +0.0138 +/- 0.0632   +0.2 se
    loss_only:q2         +0.3801 +/- 0.1057   +3.6 se

========================================================================
EXPERIENCE, press index 2 only
========================================================================
  gain_only    35617 rows
  mixed        55985 rows
  loss_only     4146 rows
  POOLED six-term   bEV +0.6593
    const  -0.0965 +/- 0.0208
    d2+q2  +0.1243 +/- 0.0236
    d*q    +0.1729 +/- 0.0432   <== chirality
    d      -0.2136 +/- 0.0331
    q      +0.1011 +/- 0.0398
    d2-q2  +0.0559 +/- 0.0454
  REGIME-SEPARATED  gain 113.1 log-likelihood on 6 extra parameters
    mixed:const          -0.1187 +/- 0.0246   -4.8 se
    mixed:d2+q2          +0.1191 +/- 0.0401   +3.0 se
    mixed:d*q            -0.0597 +/- 0.0740   -0.8 se   <== CHIRALITY INSIDE MIXED
    mixed:d              -0.0108 +/- 0.0544   -0.2 se
    mixed:q              +0.2326 +/- 0.0580   +4.0 se
    mixed:d2-q2          -0.4595 +/- 0.0877   -5.2 se   <== dominant
    gain_only:1          +0.0185 +/- 0.0478   +0.4 se
    gain_only:q          +0.3098 +/- 0.0425   +7.3 se   <== dominant
    gain_only:q2         -0.1959 +/- 0.0808   -2.4 se
    loss_only:1          +0.3499 +/- 0.1230   +2.8 se
    loss_only:q          -0.0329 +/- 0.1241   -0.3 se
    loss_only:q2         +0.3461 +/- 0.2090   +1.7 se

========================================================================
EXPERIENCE, press index 3 only
========================================================================
  gain_only    35617 rows
  mixed        55985 rows
  loss_only     4146 rows
  POOLED six-term   bEV +0.6679
    const  -0.1063 +/- 0.0208
    d2+q2  +0.1247 +/- 0.0236
    d*q    +0.1755 +/- 0.0432   <== chirality
    d      -0.2109 +/- 0.0331
    q      +0.0904 +/- 0.0398
    d2-q2  +0.0522 +/- 0.0454
  REGIME-SEPARATED  gain 93.5 log-likelihood on 6 extra parameters
    mixed:const          -0.1298 +/- 0.0247   -5.3 se   <== dominant
    mixed:d2+q2          +0.1397 +/- 0.0402   +3.5 se
    mixed:d*q            -0.0571 +/- 0.0742   -0.8 se   <== CHIRALITY INSIDE MIXED
    mixed:d              -0.0378 +/- 0.0545   -0.7 se
    mixed:q              +0.2066 +/- 0.0581   +3.6 se
    mixed:d2-q2          -0.3818 +/- 0.0877   -4.4 se
    gain_only:1          -0.0061 +/- 0.0478   -0.1 se
    gain_only:q          +0.2972 +/- 0.0426   +7.0 se   <== dominant
    gain_only:q2         -0.1813 +/- 0.0809   -2.2 se
    loss_only:1          +0.2555 +/- 0.1220   +2.1 se
    loss_only:q          -0.0493 +/- 0.1238   -0.4 se
    loss_only:q2         +0.4525 +/- 0.2082   +2.2 se

========================================================================
EXPERIENCE, press index 4 only
========================================================================
  gain_only    35617 rows
  mixed        55985 rows
  loss_only     4146 rows
  POOLED six-term   bEV +0.7067
    const  -0.0981 +/- 0.0210
    d2+q2  +0.1315 +/- 0.0238
    d*q    +0.1501 +/- 0.0437   <== chirality
    d      -0.2379 +/- 0.0335
    q      +0.0995 +/- 0.0402
    d2-q2  +0.0357 +/- 0.0457
  REGIME-SEPARATED  gain 101.1 log-likelihood on 6 extra parameters
    mixed:const          -0.1363 +/- 0.0248   -5.5 se   <== dominant
    mixed:d2+q2          +0.1472 +/- 0.0403   +3.6 se
    mixed:d*q            -0.0538 +/- 0.0745   -0.7 se   <== CHIRALITY INSIDE MIXED
    mixed:d              -0.0285 +/- 0.0548   -0.5 se
    mixed:q              +0.1850 +/- 0.0583   +3.2 se
    mixed:d2-q2          -0.4093 +/- 0.0881   -4.6 se
    gain_only:1          -0.0349 +/- 0.0481   -0.7 se
    gain_only:q          +0.2848 +/- 0.0428   +6.7 se   <== dominant
    gain_only:q2         -0.1653 +/- 0.0813   -2.0 se
    loss_only:1          +0.3615 +/- 0.1241   +2.9 se
    loss_only:q          +0.0852 +/- 0.1302   +0.7 se
    loss_only:q2         +0.4295 +/- 0.2147   +2.0 se

========================================================================
EXPERIENCE, press index 5 only
========================================================================
  gain_only    35617 rows
  mixed        55985 rows
  loss_only     4146 rows
  POOLED six-term   bEV +0.7094
    const  -0.1127 +/- 0.0210
    d2+q2  +0.1399 +/- 0.0238
    d*q    +0.1628 +/- 0.0438   <== chirality
    d      -0.2521 +/- 0.0335
    q      +0.0869 +/- 0.0402
    d2-q2  +0.0662 +/- 0.0458
  REGIME-SEPARATED  gain 95.4 log-likelihood on 6 extra parameters
    mixed:const          -0.1472 +/- 0.0249   -5.9 se   <== dominant
    mixed:d2+q2          +0.1472 +/- 0.0404   +3.6 se
    mixed:d*q            -0.0400 +/- 0.0746   -0.5 se   <== CHIRALITY INSIDE MIXED
    mixed:d              -0.0589 +/- 0.0548   -1.1 se
    mixed:q              +0.1654 +/- 0.0584   +2.8 se
    mixed:d2-q2          -0.3782 +/- 0.0882   -4.3 se
    gain_only:1          -0.0182 +/- 0.0481   -0.4 se
    gain_only:q          +0.2973 +/- 0.0428   +6.9 se   <== dominant
    gain_only:q2         -0.1765 +/- 0.0813   -2.2 se
    loss_only:1          +0.4395 +/- 0.1252   +3.5 se
    loss_only:q          +0.0590 +/- 0.1287   +0.5 se
    loss_only:q2         +0.2958 +/- 0.2141   +1.4 se

written experience_arm.json
